// test-snapshot v1

exports[`Tests -0.128 * -2.944 1`] = `"0.376832"`;

exports[`Tests -0.225 * -71.55 1`] = `"16.09875"`;

exports[`Tests -1 * -2 1`] = `"2"`;

exports[`Tests -1 * 2 1`] = `"-2"`;

exports[`Tests -1.23e-42 * 1 1`] = `"-1.23e-42"`;

exports[`Tests -1.38016 * -539 1`] = `"743.90624"`;

exports[`Tests -2 * -1 1`] = `"2"`;

exports[`Tests -2 * 146.007 1`] = `"-292.014"`;

exports[`Tests -2.2 * 1.1 1`] = `"-2.4200000000000004"`;

exports[`Tests -2.944 * -0.128 1`] = `"0.376832"`;

exports[`Tests -3 * 0 1`] = `"0"`;

exports[`Tests -5 * 5 1`] = `"-25"`;

exports[`Tests -37.72 * 112.3 1`] = `"-4235.956"`;

exports[`Tests -71.55 * -0.225 1`] = `"16.09875"`;

exports[`Tests -81.86 * -82.659 1`] = `"6766.465740000001"`;

exports[`Tests -82.659 * -81.86 1`] = `"6766.465740000001"`;

exports[`Tests -88 * 146.007 1`] = `"-12848.616"`;

exports[`Tests -88.87 * 890.14454 1`] = `"-79107.1452698"`;

exports[`Tests -110 * -873.03785 1`] = `"96034.16350000001"`;

exports[`Tests -112 * -706.23193 1`] = `"79097.97616"`;

exports[`Tests -114 * -686.03129 1`] = `"78207.56706"`;

exports[`Tests -135.22035 * -321 1`] = `"43405.73235"`;

exports[`Tests -315 * 134.25081 1`] = `"-42289.00515"`;

exports[`Tests -318 * 974.79177 1`] = `"-309983.78286000004"`;

exports[`Tests -319 * -587.74778 1`] = `"187491.54182"`;

exports[`Tests -321 * -135.22035 1`] = `"43405.73235"`;

exports[`Tests -539 * -1.38016 1`] = `"743.90624"`;

exports[`Tests -587.74778 * -319 1`] = `"187491.54182"`;

exports[`Tests -686.03129 * -114 1`] = `"78207.56706"`;

exports[`Tests -706.23193 * -112 1`] = `"79097.97616"`;

exports[`Tests -873.03785 * -110 1`] = `"96034.16350000001"`;

exports[`Tests 0 * -3 1`] = `"0"`;

exports[`Tests 0 * 3 1`] = `"0"`;

exports[`Tests 0 * 101.669 1`] = `"0"`;

exports[`Tests 0.2 * 2 1`] = `"0.4"`;

exports[`Tests 0.443 * 112.586 1`] = `"49.875598"`;

exports[`Tests 0.97595 * 771 1`] = `"752.45745"`;

exports[`Tests 1 * -1.23e-42 1`] = `"-1.23e-42"`;

exports[`Tests 1.1 * -2.2 1`] = `"-2.4200000000000004"`;

exports[`Tests 1.4 * 18 1`] = `"25.2"`;

exports[`Tests 2 * -1 1`] = `"-2"`;

exports[`Tests 2 * 0.2 1`] = `"0.4"`;

exports[`Tests 2.25 * 3 1`] = `"6.75"`;

exports[`Tests 3 * 0 1`] = `"0"`;

exports[`Tests 3 * 2.25 1`] = `"6.75"`;

exports[`Tests 3 * 8 1`] = `"24"`;

exports[`Tests 3 * 27 1`] = `"81"`;

exports[`Tests 3 * 131.868 1`] = `"395.604"`;

exports[`Tests 3 * 16777216 1`] = `"50331648"`;

exports[`Tests 4 * 5 1`] = `"20"`;

exports[`Tests 4 * 4294967296 1`] = `"17179869184"`;

exports[`Tests 5 * -5 1`] = `"-25"`;

exports[`Tests 5 * 4 1`] = `"20"`;

exports[`Tests 7 * 683.28419 1`] = `"4782.989329999999"`;

exports[`Tests 8 * 3 1`] = `"24"`;

exports[`Tests 8.7411 * 274 1`] = `"2395.0614"`;

exports[`Tests 18 * 1.4 1`] = `"25.2"`;

exports[`Tests 20 * 123.45 1`] = `"2469"`;

exports[`Tests 20.56 * 48.723 1`] = `"1001.74488"`;

exports[`Tests 27 * 3 1`] = `"81"`;

exports[`Tests 48.723 * 20.56 1`] = `"1001.74488"`;

exports[`Tests 101.669 * 0 1`] = `"0"`;

exports[`Tests 112.3 * -37.72 1`] = `"-4235.956"`;

exports[`Tests 112.586 * 0.443 1`] = `"49.875598"`;

exports[`Tests 123.45 * 20 1`] = `"2469"`;

exports[`Tests 131.868 * 3 1`] = `"395.604"`;

exports[`Tests 134.25081 * -315 1`] = `"-42289.00515"`;

exports[`Tests 146.007 * -2 1`] = `"-292.014"`;

exports[`Tests 146.007 * -88 1`] = `"-12848.616"`;

exports[`Tests 274 * 8.7411 1`] = `"2395.0614"`;

exports[`Tests 683.28419 * 7 1`] = `"4782.989329999999"`;

exports[`Tests 771 * 0.97595 1`] = `"752.45745"`;

exports[`Tests 890.14454 * -88.87 1`] = `"-79107.1452698"`;

exports[`Tests 974.79177 * -318 1`] = `"-309983.78286000004"`;

exports[`Tests 16777216 * 3 1`] = `"50331648"`;

exports[`Tests 4294967296 * 4 1`] = `"17179869184"`;
